--- Membre 1 (Paul) ---
Session 4: -4500
Session 7: -7500

--- Membre 2 (Jean) ---
Session 4: -4500
